CompositionEngine: 36 pipelines compiled for 1x1
  Tick schedule:
    Structural support and transport [structure]
    Vertical gravity phase 0         [vertical0]
    Vertical gravity phase 1         [vertical1]
    Diagonal fall phase 0 salt 0     [diagonal0_s0]
    Diagonal fall phase 1 salt 0     [diagonal1_s0]
    Liquid spread phase 0 salt 0     [liquid0_s0]
    Liquid spread phase 1 salt 0     [liquid1_s0]
    Gas buoyancy phase 0             [gas_buoyancy0]
    Gas buoyancy phase 1             [gas_buoyancy1]
    Gas spread phase 0 salt 0        [gas_spread0_s0]
    Gas spread phase 1 salt 0        [gas_spread1_s0]
    Thermal x parity 0               [thermal_x0]
    Thermal x parity 1               [thermal_x1]
    Thermal y parity 0               [thermal_y0]
    Thermal y parity 1               [thermal_y1]
    Phase transitions                [phase]
    Combustion                       [combustion]
    Reciprocal bond normalization    [normalize]
CompositionEngine: 36 pipelines compiled for 1x7
  Tick schedule:
    Structural support and transport [structure]
    Vertical gravity phase 0         [vertical0]
    Vertical gravity phase 1         [vertical1]
    Diagonal fall phase 0 salt 0     [diagonal0_s0]
    Diagonal fall phase 1 salt 0     [diagonal1_s0]
    Liquid spread phase 0 salt 0     [liquid0_s0]
    Liquid spread phase 1 salt 0     [liquid1_s0]
    Gas buoyancy phase 0             [gas_buoyancy0]
    Gas buoyancy phase 1             [gas_buoyancy1]
    Gas spread phase 0 salt 0        [gas_spread0_s0]
    Gas spread phase 1 salt 0        [gas_spread1_s0]
    Thermal x parity 0               [thermal_x0]
    Thermal x parity 1               [thermal_x1]
    Thermal y parity 0               [thermal_y0]
    Thermal y parity 1               [thermal_y1]
    Phase transitions                [phase]
    Combustion                       [combustion]
    Reciprocal bond normalization    [normalize]
CompositionEngine: 36 pipelines compiled for 7x1
  Tick schedule:
    Structural support and transport [structure]
    Vertical gravity phase 0         [vertical0]
    Vertical gravity phase 1         [vertical1]
    Diagonal fall phase 0 salt 0     [diagonal0_s0]
    Diagonal fall phase 1 salt 0     [diagonal1_s0]
    Liquid spread phase 0 salt 0     [liquid0_s0]
    Liquid spread phase 1 salt 0     [liquid1_s0]
    Gas buoyancy phase 0             [gas_buoyancy0]
    Gas buoyancy phase 1             [gas_buoyancy1]
    Gas spread phase 0 salt 0        [gas_spread0_s0]
    Gas spread phase 1 salt 0        [gas_spread1_s0]
    Thermal x parity 0               [thermal_x0]
    Thermal x parity 1               [thermal_x1]
    Thermal y parity 0               [thermal_y0]
    Thermal y parity 1               [thermal_y1]
    Phase transitions                [phase]
    Combustion                       [combustion]
    Reciprocal bond normalization    [normalize]
CompositionEngine: 36 pipelines compiled for 7x5
  Tick schedule:
    Structural support and transport [structure]
    Vertical gravity phase 0         [vertical0]
    Vertical gravity phase 1         [vertical1]
    Diagonal fall phase 0 salt 0     [diagonal0_s0]
    Diagonal fall phase 1 salt 0     [diagonal1_s0]
    Liquid spread phase 0 salt 0     [liquid0_s0]
    Liquid spread phase 1 salt 0     [liquid1_s0]
    Gas buoyancy phase 0             [gas_buoyancy0]
    Gas buoyancy phase 1             [gas_buoyancy1]
    Gas spread phase 0 salt 0        [gas_spread0_s0]
    Gas spread phase 1 salt 0        [gas_spread1_s0]
    Thermal x parity 0               [thermal_x0]
    Thermal x parity 1               [thermal_x1]
    Thermal y parity 0               [thermal_y0]
    Thermal y parity 1               [thermal_y1]
    Phase transitions                [phase]
    Combustion                       [combustion]
    Reciprocal bond normalization    [normalize]
CompositionEngine: 36 pipelines compiled for 8x8
  Tick schedule:
    Structural support and transport [structure]
    Vertical gravity phase 0         [vertical0]
    Vertical gravity phase 1         [vertical1]
    Diagonal fall phase 0 salt 0     [diagonal0_s0]
    Diagonal fall phase 1 salt 0     [diagonal1_s0]
    Liquid spread phase 0 salt 0     [liquid0_s0]
    Liquid spread phase 1 salt 0     [liquid1_s0]
    Gas buoyancy phase 0             [gas_buoyancy0]
    Gas buoyancy phase 1             [gas_buoyancy1]
    Gas spread phase 0 salt 0        [gas_spread0_s0]
    Gas spread phase 1 salt 0        [gas_spread1_s0]
    Thermal x parity 0               [thermal_x0]
    Thermal x parity 1               [thermal_x1]
    Thermal y parity 0               [thermal_y0]
    Thermal y parity 1               [thermal_y1]
    Phase transitions                [phase]
    Combustion                       [combustion]
    Reciprocal bond normalization    [normalize]
CompositionEngine: 36 pipelines compiled for 17x19
  Tick schedule:
    Structural support and transport [structure]
    Vertical gravity phase 0         [vertical0]
    Vertical gravity phase 1         [vertical1]
    Diagonal fall phase 0 salt 0     [diagonal0_s0]
    Diagonal fall phase 1 salt 0     [diagonal1_s0]
    Liquid spread phase 0 salt 0     [liquid0_s0]
    Liquid spread phase 1 salt 0     [liquid1_s0]
    Gas buoyancy phase 0             [gas_buoyancy0]
    Gas buoyancy phase 1             [gas_buoyancy1]
    Gas spread phase 0 salt 0        [gas_spread0_s0]
    Gas spread phase 1 salt 0        [gas_spread1_s0]
    Thermal x parity 0               [thermal_x0]
    Thermal x parity 1               [thermal_x1]
    Thermal y parity 0               [thermal_y0]
    Thermal y parity 1               [thermal_y1]
    Phase transitions                [phase]
    Combustion                       [combustion]
    Reciprocal bond normalization    [normalize]
CompositionEngine: 36 pipelines compiled for 3x1
  Tick schedule:
    Structural support and transport [structure]
    Vertical gravity phase 0         [vertical0]
    Vertical gravity phase 1         [vertical1]
    Diagonal fall phase 0 salt 0     [diagonal0_s0]
    Diagonal fall phase 1 salt 0     [diagonal1_s0]
    Liquid spread phase 0 salt 0     [liquid0_s0]
    Liquid spread phase 1 salt 0     [liquid1_s0]
    Gas buoyancy phase 0             [gas_buoyancy0]
    Gas buoyancy phase 1             [gas_buoyancy1]
    Gas spread phase 0 salt 0        [gas_spread0_s0]
    Gas spread phase 1 salt 0        [gas_spread1_s0]
    Thermal x parity 0               [thermal_x0]
    Thermal x parity 1               [thermal_x1]
    Thermal y parity 0               [thermal_y0]
    Thermal y parity 1               [thermal_y1]
    Phase transitions                [phase]
    Combustion                       [combustion]
    Reciprocal bond normalization    [normalize]
CompositionEngine: 36 pipelines compiled for 3x5
  Tick schedule:
    Structural support and transport [structure]
    Vertical gravity phase 0         [vertical0]
    Vertical gravity phase 1         [vertical1]
    Diagonal fall phase 0 salt 0     [diagonal0_s0]
    Diagonal fall phase 1 salt 0     [diagonal1_s0]
    Liquid spread phase 0 salt 0     [liquid0_s0]
    Liquid spread phase 1 salt 0     [liquid1_s0]
    Gas buoyancy phase 0             [gas_buoyancy0]
    Gas buoyancy phase 1             [gas_buoyancy1]
    Gas spread phase 0 salt 0        [gas_spread0_s0]
    Gas spread phase 1 salt 0        [gas_spread1_s0]
    Thermal x parity 0               [thermal_x0]
    Thermal x parity 1               [thermal_x1]
    Thermal y parity 0               [thermal_y0]
    Thermal y parity 1               [thermal_y1]
    Phase transitions                [phase]
    Combustion                       [combustion]
    Reciprocal bond normalization    [normalize]
CompositionEngine: 36 pipelines compiled for 1x1
  Tick schedule:
    Structural support and transport [structure]
    Vertical gravity phase 0         [vertical0]
    Vertical gravity phase 1         [vertical1]
    Diagonal fall phase 0 salt 0     [diagonal0_s0]
    Diagonal fall phase 1 salt 0     [diagonal1_s0]
    Liquid spread phase 0 salt 0     [liquid0_s0]
    Liquid spread phase 1 salt 0     [liquid1_s0]
    Gas buoyancy phase 0             [gas_buoyancy0]
    Gas buoyancy phase 1             [gas_buoyancy1]
    Gas spread phase 0 salt 0        [gas_spread0_s0]
    Gas spread phase 1 salt 0        [gas_spread1_s0]
    Thermal x parity 0               [thermal_x0]
    Thermal x parity 1               [thermal_x1]
    Thermal y parity 0               [thermal_y0]
    Thermal y parity 1               [thermal_y1]
    Phase transitions                [phase]
    Combustion                       [combustion]
    Reciprocal bond normalization    [normalize]
CompositionEngine: 36 pipelines compiled for 17x19
  Tick schedule:
    Structural support and transport [structure]
    Vertical gravity phase 0         [vertical0]
    Vertical gravity phase 1         [vertical1]
    Diagonal fall phase 0 salt 0     [diagonal0_s0]
    Diagonal fall phase 1 salt 0     [diagonal1_s0]
    Liquid spread phase 0 salt 0     [liquid0_s0]
    Liquid spread phase 1 salt 0     [liquid1_s0]
    Gas buoyancy phase 0             [gas_buoyancy0]
    Gas buoyancy phase 1             [gas_buoyancy1]
    Gas spread phase 0 salt 0        [gas_spread0_s0]
    Gas spread phase 1 salt 0        [gas_spread1_s0]
    Thermal x parity 0               [thermal_x0]
    Thermal x parity 1               [thermal_x1]
    Thermal y parity 0               [thermal_y0]
    Thermal y parity 1               [thermal_y1]
    Phase transitions                [phase]
    Combustion                       [combustion]
    Reciprocal bond normalization    [normalize]
CompositionEngine: 36 pipelines compiled for 1x1
  Tick schedule:
    Structural support and transport [structure]
    Vertical gravity phase 0         [vertical0]
    Vertical gravity phase 1         [vertical1]
    Diagonal fall phase 0 salt 0     [diagonal0_s0]
    Diagonal fall phase 1 salt 0     [diagonal1_s0]
    Liquid spread phase 0 salt 0     [liquid0_s0]
    Liquid spread phase 1 salt 0     [liquid1_s0]
    Gas buoyancy phase 0             [gas_buoyancy0]
    Gas buoyancy phase 1             [gas_buoyancy1]
    Gas spread phase 0 salt 0        [gas_spread0_s0]
    Gas spread phase 1 salt 0        [gas_spread1_s0]
    Thermal x parity 0               [thermal_x0]
    Thermal x parity 1               [thermal_x1]
    Thermal y parity 0               [thermal_y0]
    Thermal y parity 1               [thermal_y1]
    Phase transitions                [phase]
    Combustion                       [combustion]
    Reciprocal bond normalization    [normalize]
CompositionEngine: 36 pipelines compiled for 9x7
  Tick schedule:
    Structural support and transport [structure]
    Vertical gravity phase 0         [vertical0]
    Vertical gravity phase 1         [vertical1]
    Diagonal fall phase 0 salt 0     [diagonal0_s0]
    Diagonal fall phase 1 salt 0     [diagonal1_s0]
    Liquid spread phase 0 salt 0     [liquid0_s0]
    Liquid spread phase 1 salt 0     [liquid1_s0]
    Gas buoyancy phase 0             [gas_buoyancy0]
    Gas buoyancy phase 1             [gas_buoyancy1]
    Gas spread phase 0 salt 0        [gas_spread0_s0]
    Gas spread phase 1 salt 0        [gas_spread1_s0]
    Thermal x parity 0               [thermal_x0]
    Thermal x parity 1               [thermal_x1]
    Thermal y parity 0               [thermal_y0]
    Thermal y parity 1               [thermal_y1]
    Phase transitions                [phase]
    Combustion                       [combustion]
    Reciprocal bond normalization    [normalize]
CompositionEngine: 36 pipelines compiled for 9x9
  Tick schedule:
    Structural support and transport [structure]
    Vertical gravity phase 0         [vertical0]
    Vertical gravity phase 1         [vertical1]
    Diagonal fall phase 0 salt 0     [diagonal0_s0]
    Diagonal fall phase 1 salt 0     [diagonal1_s0]
    Liquid spread phase 0 salt 0     [liquid0_s0]
    Liquid spread phase 1 salt 0     [liquid1_s0]
    Gas buoyancy phase 0             [gas_buoyancy0]
    Gas buoyancy phase 1             [gas_buoyancy1]
    Gas spread phase 0 salt 0        [gas_spread0_s0]
    Gas spread phase 1 salt 0        [gas_spread1_s0]
    Thermal x parity 0               [thermal_x0]
    Thermal x parity 1               [thermal_x1]
    Thermal y parity 0               [thermal_y0]
    Thermal y parity 1               [thermal_y1]
    Phase transitions                [phase]
    Combustion                       [combustion]
    Reciprocal bond normalization    [normalize]
CompositionEngine: 36 pipelines compiled for 7x8
  Tick schedule:
    Structural support and transport [structure]
    Vertical gravity phase 0         [vertical0]
    Vertical gravity phase 1         [vertical1]
    Diagonal fall phase 0 salt 0     [diagonal0_s0]
    Diagonal fall phase 1 salt 0     [diagonal1_s0]
    Liquid spread phase 0 salt 0     [liquid0_s0]
    Liquid spread phase 1 salt 0     [liquid1_s0]
    Gas buoyancy phase 0             [gas_buoyancy0]
    Gas buoyancy phase 1             [gas_buoyancy1]
    Gas spread phase 0 salt 0        [gas_spread0_s0]
    Gas spread phase 1 salt 0        [gas_spread1_s0]
    Thermal x parity 0               [thermal_x0]
    Thermal x parity 1               [thermal_x1]
    Thermal y parity 0               [thermal_y0]
    Thermal y parity 1               [thermal_y1]
    Phase transitions                [phase]
    Combustion                       [combustion]
    Reciprocal bond normalization    [normalize]
CompositionEngine: 36 pipelines compiled for 5x5
  Tick schedule:
    Structural support and transport [structure]
    Vertical gravity phase 0         [vertical0]
    Vertical gravity phase 1         [vertical1]
    Diagonal fall phase 0 salt 0     [diagonal0_s0]
    Diagonal fall phase 1 salt 0     [diagonal1_s0]
    Liquid spread phase 0 salt 0     [liquid0_s0]
    Liquid spread phase 1 salt 0     [liquid1_s0]
    Gas buoyancy phase 0             [gas_buoyancy0]
    Gas buoyancy phase 1             [gas_buoyancy1]
    Gas spread phase 0 salt 0        [gas_spread0_s0]
    Gas spread phase 1 salt 0        [gas_spread1_s0]
    Thermal x parity 0               [thermal_x0]
    Thermal x parity 1               [thermal_x1]
    Thermal y parity 0               [thermal_y0]
    Thermal y parity 1               [thermal_y1]
    Phase transitions                [phase]
    Combustion                       [combustion]
    Reciprocal bond normalization    [normalize]
CompositionEngine: 36 pipelines compiled for 3x3
  Tick schedule:
    Structural support and transport [structure]
    Vertical gravity phase 0         [vertical0]
    Vertical gravity phase 1         [vertical1]
    Diagonal fall phase 0 salt 0     [diagonal0_s0]
    Diagonal fall phase 1 salt 0     [diagonal1_s0]
    Liquid spread phase 0 salt 0     [liquid0_s0]
    Liquid spread phase 1 salt 0     [liquid1_s0]
    Gas buoyancy phase 0             [gas_buoyancy0]
    Gas buoyancy phase 1             [gas_buoyancy1]
    Gas spread phase 0 salt 0        [gas_spread0_s0]
    Gas spread phase 1 salt 0        [gas_spread1_s0]
    Thermal x parity 0               [thermal_x0]
    Thermal x parity 1               [thermal_x1]
    Thermal y parity 0               [thermal_y0]
    Thermal y parity 1               [thermal_y1]
    Phase transitions                [phase]
    Combustion                       [combustion]
    Reciprocal bond normalization    [normalize]
CompositionEngine: 36 pipelines compiled for 1x4
  Tick schedule:
    Structural support and transport [structure]
    Vertical gravity phase 0         [vertical0]
    Vertical gravity phase 1         [vertical1]
    Diagonal fall phase 0 salt 0     [diagonal0_s0]
    Diagonal fall phase 1 salt 0     [diagonal1_s0]
    Liquid spread phase 0 salt 0     [liquid0_s0]
    Liquid spread phase 1 salt 0     [liquid1_s0]
    Gas buoyancy phase 0             [gas_buoyancy0]
    Gas buoyancy phase 1             [gas_buoyancy1]
    Gas spread phase 0 salt 0        [gas_spread0_s0]
    Gas spread phase 1 salt 0        [gas_spread1_s0]
    Thermal x parity 0               [thermal_x0]
    Thermal x parity 1               [thermal_x1]
    Thermal y parity 0               [thermal_y0]
    Thermal y parity 1               [thermal_y1]
    Phase transitions                [phase]
    Combustion                       [combustion]
    Reciprocal bond normalization    [normalize]
CompositionEngine: 36 pipelines compiled for 5x7
  Tick schedule:
    Structural support and transport [structure]
    Vertical gravity phase 0         [vertical0]
    Vertical gravity phase 1         [vertical1]
    Diagonal fall phase 0 salt 0     [diagonal0_s0]
    Diagonal fall phase 1 salt 0     [diagonal1_s0]
    Liquid spread phase 0 salt 0     [liquid0_s0]
    Liquid spread phase 1 salt 0     [liquid1_s0]
    Gas buoyancy phase 0             [gas_buoyancy0]
    Gas buoyancy phase 1             [gas_buoyancy1]
    Gas spread phase 0 salt 0        [gas_spread0_s0]
    Gas spread phase 1 salt 0        [gas_spread1_s0]
    Thermal x parity 0               [thermal_x0]
    Thermal x parity 1               [thermal_x1]
    Thermal y parity 0               [thermal_y0]
    Thermal y parity 1               [thermal_y1]
    Phase transitions                [phase]
    Combustion                       [combustion]
    Reciprocal bond normalization    [normalize]
